
AVRASM ver. 2.1.30  C:\Users\negah\OneDrive\Desktop\project\parallel-led\Debug\List\parallel-led.asm Thu Feb 20 12:38:13 2025

C:\Users\negah\OneDrive\Desktop\project\parallel-led\Debug\List\parallel-led.asm(1088): warning: Register r5 already defined by the .DEF directive
C:\Users\negah\OneDrive\Desktop\project\parallel-led\Debug\List\parallel-led.asm(1089): warning: Register r4 already defined by the .DEF directive
C:\Users\negah\OneDrive\Desktop\project\parallel-led\Debug\List\parallel-led.asm(1090): warning: Register r7 already defined by the .DEF directive
C:\Users\negah\OneDrive\Desktop\project\parallel-led\Debug\List\parallel-led.asm(1091): warning: Register r6 already defined by the .DEF directive
                 
                 
                 ;CodeVisionAVR C Compiler V3.14 Advanced
                 ;(C) Copyright 1998-2014 Pavel Haiduc, HP InfoTech s.r.l.
                 ;http://www.hpinfotech.com
                 
                 ;Build configuration    : Debug
                 ;Chip type              : ATmega32
                 ;Program type           : Application
                 ;Clock frequency        : 8.000000 MHz
                 ;Memory model           : Small
                 ;Optimize for           : Size
                 ;(s)printf features     : int, width
                 ;(s)scanf features      : int, width
                 ;External RAM size      : 0
                 ;Data Stack size        : 512 byte(s)
                 ;Heap size              : 0 byte(s)
                 ;Promote 'char' to 'int': Yes
                 ;'char' is unsigned     : Yes
                 ;8 bit enums            : Yes
                 ;Global 'const' stored in FLASH: Yes
                 ;Enhanced function parameter passing: Yes
                 ;Enhanced core instructions: On
                 ;Automatic register allocation for global variables: On
                 ;Smart register allocation: On
                 
                 	#define _MODEL_SMALL_
                 
                 	#pragma AVRPART ADMIN PART_NAME ATmega32
                 	#pragma AVRPART MEMORY PROG_FLASH 32768
                 	#pragma AVRPART MEMORY EEPROM 1024
                 	#pragma AVRPART MEMORY INT_SRAM SIZE 2048
                 	#pragma AVRPART MEMORY INT_SRAM START_ADDR 0x60
                 
                 	#define CALL_SUPPORTED 1
                 
                 	.LISTMAC
                 	.EQU UDRE=0x5
                 	.EQU RXC=0x7
                 	.EQU USR=0xB
                 	.EQU UDR=0xC
                 	.EQU SPSR=0xE
                 	.EQU SPDR=0xF
                 	.EQU EERE=0x0
                 	.EQU EEWE=0x1
                 	.EQU EEMWE=0x2
                 	.EQU EECR=0x1C
                 	.EQU EEDR=0x1D
                 	.EQU EEARL=0x1E
                 	.EQU EEARH=0x1F
                 	.EQU WDTCR=0x21
                 	.EQU MCUCR=0x35
                 	.EQU GICR=0x3B
                 	.EQU SPL=0x3D
                 	.EQU SPH=0x3E
                 	.EQU SREG=0x3F
                 
                 	.DEF R0X0=R0
                 	.DEF R0X1=R1
                 	.DEF R0X2=R2
                 	.DEF R0X3=R3
                 	.DEF R0X4=R4
                 	.DEF R0X5=R5
                 	.DEF R0X6=R6
                 	.DEF R0X7=R7
                 	.DEF R0X8=R8
                 	.DEF R0X9=R9
                 	.DEF R0XA=R10
                 	.DEF R0XB=R11
                 	.DEF R0XC=R12
                 	.DEF R0XD=R13
                 	.DEF R0XE=R14
                 	.DEF R0XF=R15
                 	.DEF R0X10=R16
                 	.DEF R0X11=R17
                 	.DEF R0X12=R18
                 	.DEF R0X13=R19
                 	.DEF R0X14=R20
                 	.DEF R0X15=R21
                 	.DEF R0X16=R22
                 	.DEF R0X17=R23
                 	.DEF R0X18=R24
                 	.DEF R0X19=R25
                 	.DEF R0X1A=R26
                 	.DEF R0X1B=R27
                 	.DEF R0X1C=R28
                 	.DEF R0X1D=R29
                 	.DEF R0X1E=R30
                 	.DEF R0X1F=R31
                 
                 	.EQU __SRAM_START=0x0060
                 	.EQU __SRAM_END=0x085F
                 	.EQU __DSTACK_SIZE=0x0200
                 	.EQU __HEAP_SIZE=0x0000
                 	.EQU __CLEAR_SRAM_SIZE=__SRAM_END-__SRAM_START+1
                 
                 	.MACRO __CPD1N
                 	CPI  R30,LOW(@0)
                 	LDI  R26,HIGH(@0)
                 	CPC  R31,R26
                 	LDI  R26,BYTE3(@0)
                 	CPC  R22,R26
                 	LDI  R26,BYTE4(@0)
                 	CPC  R23,R26
                 	.ENDM
                 
                 	.MACRO __CPD2N
                 	CPI  R26,LOW(@0)
                 	LDI  R30,HIGH(@0)
                 	CPC  R27,R30
                 	LDI  R30,BYTE3(@0)
                 	CPC  R24,R30
                 	LDI  R30,BYTE4(@0)
                 	CPC  R25,R30
                 	.ENDM
                 
                 	.MACRO __CPWRR
                 	CP   R@0,R@2
                 	CPC  R@1,R@3
                 	.ENDM
                 
                 	.MACRO __CPWRN
                 	CPI  R@0,LOW(@2)
                 	LDI  R30,HIGH(@2)
                 	CPC  R@1,R30
                 	.ENDM
                 
                 	.MACRO __ADDB1MN
                 	SUBI R30,LOW(-@0-(@1))
                 	.ENDM
                 
                 	.MACRO __ADDB2MN
                 	SUBI R26,LOW(-@0-(@1))
                 	.ENDM
                 
                 	.MACRO __ADDW1MN
                 	SUBI R30,LOW(-@0-(@1))
                 	SBCI R31,HIGH(-@0-(@1))
                 	.ENDM
                 
                 	.MACRO __ADDW2MN
                 	SUBI R26,LOW(-@0-(@1))
                 	SBCI R27,HIGH(-@0-(@1))
                 	.ENDM
                 
                 	.MACRO __ADDW1FN
                 	SUBI R30,LOW(-2*@0-(@1))
                 	SBCI R31,HIGH(-2*@0-(@1))
                 	.ENDM
                 
                 	.MACRO __ADDD1FN
                 	SUBI R30,LOW(-2*@0-(@1))
                 	SBCI R31,HIGH(-2*@0-(@1))
                 	SBCI R22,BYTE3(-2*@0-(@1))
                 	.ENDM
                 
                 	.MACRO __ADDD1N
                 	SUBI R30,LOW(-@0)
                 	SBCI R31,HIGH(-@0)
                 	SBCI R22,BYTE3(-@0)
                 	SBCI R23,BYTE4(-@0)
                 	.ENDM
                 
                 	.MACRO __ADDD2N
                 	SUBI R26,LOW(-@0)
                 	SBCI R27,HIGH(-@0)
                 	SBCI R24,BYTE3(-@0)
                 	SBCI R25,BYTE4(-@0)
                 	.ENDM
                 
                 	.MACRO __SUBD1N
                 	SUBI R30,LOW(@0)
                 	SBCI R31,HIGH(@0)
                 	SBCI R22,BYTE3(@0)
                 	SBCI R23,BYTE4(@0)
                 	.ENDM
                 
                 	.MACRO __SUBD2N
                 	SUBI R26,LOW(@0)
                 	SBCI R27,HIGH(@0)
                 	SBCI R24,BYTE3(@0)
                 	SBCI R25,BYTE4(@0)
                 	.ENDM
                 
                 	.MACRO __ANDBMNN
                 	LDS  R30,@0+(@1)
                 	ANDI R30,LOW(@2)
                 	STS  @0+(@1),R30
                 	.ENDM
                 
                 	.MACRO __ANDWMNN
                 	LDS  R30,@0+(@1)
                 	ANDI R30,LOW(@2)
                 	STS  @0+(@1),R30
                 	LDS  R30,@0+(@1)+1
                 	ANDI R30,HIGH(@2)
                 	STS  @0+(@1)+1,R30
                 	.ENDM
                 
                 	.MACRO __ANDD1N
                 	ANDI R30,LOW(@0)
                 	ANDI R31,HIGH(@0)
                 	ANDI R22,BYTE3(@0)
                 	ANDI R23,BYTE4(@0)
                 	.ENDM
                 
                 	.MACRO __ANDD2N
                 	ANDI R26,LOW(@0)
                 	ANDI R27,HIGH(@0)
                 	ANDI R24,BYTE3(@0)
                 	ANDI R25,BYTE4(@0)
                 	.ENDM
                 
                 	.MACRO __ORBMNN
                 	LDS  R30,@0+(@1)
                 	ORI  R30,LOW(@2)
                 	STS  @0+(@1),R30
                 	.ENDM
                 
                 	.MACRO __ORWMNN
                 	LDS  R30,@0+(@1)
                 	ORI  R30,LOW(@2)
                 	STS  @0+(@1),R30
                 	LDS  R30,@0+(@1)+1
                 	ORI  R30,HIGH(@2)
                 	STS  @0+(@1)+1,R30
                 	.ENDM
                 
                 	.MACRO __ORD1N
                 	ORI  R30,LOW(@0)
                 	ORI  R31,HIGH(@0)
                 	ORI  R22,BYTE3(@0)
                 	ORI  R23,BYTE4(@0)
                 	.ENDM
                 
                 	.MACRO __ORD2N
                 	ORI  R26,LOW(@0)
                 	ORI  R27,HIGH(@0)
                 	ORI  R24,BYTE3(@0)
                 	ORI  R25,BYTE4(@0)
                 	.ENDM
                 
                 	.MACRO __DELAY_USB
                 	LDI  R24,LOW(@0)
                 __DELAY_USB_LOOP:
                 	DEC  R24
                 	BRNE __DELAY_USB_LOOP
                 	.ENDM
                 
                 	.MACRO __DELAY_USW
                 	LDI  R24,LOW(@0)
                 	LDI  R25,HIGH(@0)
                 __DELAY_USW_LOOP:
                 	SBIW R24,1
                 	BRNE __DELAY_USW_LOOP
                 	.ENDM
                 
                 	.MACRO __GETD1S
                 	LDD  R30,Y+@0
                 	LDD  R31,Y+@0+1
                 	LDD  R22,Y+@0+2
                 	LDD  R23,Y+@0+3
                 	.ENDM
                 
                 	.MACRO __GETD2S
                 	LDD  R26,Y+@0
                 	LDD  R27,Y+@0+1
                 	LDD  R24,Y+@0+2
                 	LDD  R25,Y+@0+3
                 	.ENDM
                 
                 	.MACRO __PUTD1S
                 	STD  Y+@0,R30
                 	STD  Y+@0+1,R31
                 	STD  Y+@0+2,R22
                 	STD  Y+@0+3,R23
                 	.ENDM
                 
                 	.MACRO __PUTD2S
                 	STD  Y+@0,R26
                 	STD  Y+@0+1,R27
                 	STD  Y+@0+2,R24
                 	STD  Y+@0+3,R25
                 	.ENDM
                 
                 	.MACRO __PUTDZ2
                 	STD  Z+@0,R26
                 	STD  Z+@0+1,R27
                 	STD  Z+@0+2,R24
                 	STD  Z+@0+3,R25
                 	.ENDM
                 
                 	.MACRO __CLRD1S
                 	STD  Y+@0,R30
                 	STD  Y+@0+1,R30
                 	STD  Y+@0+2,R30
                 	STD  Y+@0+3,R30
                 	.ENDM
                 
                 	.MACRO __POINTB1MN
                 	LDI  R30,LOW(@0+(@1))
                 	.ENDM
                 
                 	.MACRO __POINTW1MN
                 	LDI  R30,LOW(@0+(@1))
                 	LDI  R31,HIGH(@0+(@1))
                 	.ENDM
                 
                 	.MACRO __POINTD1M
                 	LDI  R30,LOW(@0)
                 	LDI  R31,HIGH(@0)
                 	LDI  R22,BYTE3(@0)
                 	LDI  R23,BYTE4(@0)
                 	.ENDM
                 
                 	.MACRO __POINTW1FN
                 	LDI  R30,LOW(2*@0+(@1))
                 	LDI  R31,HIGH(2*@0+(@1))
                 	.ENDM
                 
                 	.MACRO __POINTD1FN
                 	LDI  R30,LOW(2*@0+(@1))
                 	LDI  R31,HIGH(2*@0+(@1))
                 	LDI  R22,BYTE3(2*@0+(@1))
                 	LDI  R23,BYTE4(2*@0+(@1))
                 	.ENDM
                 
                 	.MACRO __POINTB2MN
                 	LDI  R26,LOW(@0+(@1))
                 	.ENDM
                 
                 	.MACRO __POINTW2MN
                 	LDI  R26,LOW(@0+(@1))
                 	LDI  R27,HIGH(@0+(@1))
                 	.ENDM
                 
                 	.MACRO __POINTW2FN
                 	LDI  R26,LOW(2*@0+(@1))
                 	LDI  R27,HIGH(2*@0+(@1))
                 	.ENDM
                 
                 	.MACRO __POINTD2FN
                 	LDI  R26,LOW(2*@0+(@1))
                 	LDI  R27,HIGH(2*@0+(@1))
                 	LDI  R24,BYTE3(2*@0+(@1))
                 	LDI  R25,BYTE4(2*@0+(@1))
                 	.ENDM
                 
                 	.MACRO __POINTBRM
                 	LDI  R@0,LOW(@1)
                 	.ENDM
                 
                 	.MACRO __POINTWRM
                 	LDI  R@0,LOW(@2)
                 	LDI  R@1,HIGH(@2)
                 	.ENDM
                 
                 	.MACRO __POINTBRMN
                 	LDI  R@0,LOW(@1+(@2))
                 	.ENDM
                 
                 	.MACRO __POINTWRMN
                 	LDI  R@0,LOW(@2+(@3))
                 	LDI  R@1,HIGH(@2+(@3))
                 	.ENDM
                 
                 	.MACRO __POINTWRFN
                 	LDI  R@0,LOW(@2*2+(@3))
                 	LDI  R@1,HIGH(@2*2+(@3))
                 	.ENDM
                 
                 	.MACRO __GETD1N
                 	LDI  R30,LOW(@0)
                 	LDI  R31,HIGH(@0)
                 	LDI  R22,BYTE3(@0)
                 	LDI  R23,BYTE4(@0)
                 	.ENDM
                 
                 	.MACRO __GETD2N
                 	LDI  R26,LOW(@0)
                 	LDI  R27,HIGH(@0)
                 	LDI  R24,BYTE3(@0)
                 	LDI  R25,BYTE4(@0)
                 	.ENDM
                 
                 	.MACRO __GETB1MN
                 	LDS  R30,@0+(@1)
                 	.ENDM
                 
                 	.MACRO __GETB1HMN
                 	LDS  R31,@0+(@1)
                 	.ENDM
                 
                 	.MACRO __GETW1MN
                 	LDS  R30,@0+(@1)
                 	LDS  R31,@0+(@1)+1
                 	.ENDM
                 
                 	.MACRO __GETD1MN
                 	LDS  R30,@0+(@1)
                 	LDS  R31,@0+(@1)+1
                 	LDS  R22,@0+(@1)+2
                 	LDS  R23,@0+(@1)+3
                 	.ENDM
                 
                 	.MACRO __GETBRMN
                 	LDS  R@0,@1+(@2)
                 	.ENDM
                 
                 	.MACRO __GETWRMN
                 	LDS  R@0,@2+(@3)
                 	LDS  R@1,@2+(@3)+1
                 	.ENDM
                 
                 	.MACRO __GETWRZ
                 	LDD  R@0,Z+@2
                 	LDD  R@1,Z+@2+1
                 	.ENDM
                 
                 	.MACRO __GETD2Z
                 	LDD  R26,Z+@0
                 	LDD  R27,Z+@0+1
                 	LDD  R24,Z+@0+2
                 	LDD  R25,Z+@0+3
                 	.ENDM
                 
                 	.MACRO __GETB2MN
                 	LDS  R26,@0+(@1)
                 	.ENDM
                 
                 	.MACRO __GETW2MN
                 	LDS  R26,@0+(@1)
                 	LDS  R27,@0+(@1)+1
                 	.ENDM
                 
                 	.MACRO __GETD2MN
                 	LDS  R26,@0+(@1)
                 	LDS  R27,@0+(@1)+1
                 	LDS  R24,@0+(@1)+2
                 	LDS  R25,@0+(@1)+3
                 	.ENDM
                 
                 	.MACRO __PUTB1MN
                 	STS  @0+(@1),R30
                 	.ENDM
                 
                 	.MACRO __PUTW1MN
                 	STS  @0+(@1),R30
                 	STS  @0+(@1)+1,R31
                 	.ENDM
                 
                 	.MACRO __PUTD1MN
                 	STS  @0+(@1),R30
                 	STS  @0+(@1)+1,R31
                 	STS  @0+(@1)+2,R22
                 	STS  @0+(@1)+3,R23
                 	.ENDM
                 
                 	.MACRO __PUTB1EN
                 	LDI  R26,LOW(@0+(@1))
                 	LDI  R27,HIGH(@0+(@1))
                 	CALL __EEPROMWRB
                 	.ENDM
                 
                 	.MACRO __PUTW1EN
                 	LDI  R26,LOW(@0+(@1))
                 	LDI  R27,HIGH(@0+(@1))
                 	CALL __EEPROMWRW
                 	.ENDM
                 
                 	.MACRO __PUTD1EN
                 	LDI  R26,LOW(@0+(@1))
                 	LDI  R27,HIGH(@0+(@1))
                 	CALL __EEPROMWRD
                 	.ENDM
                 
                 	.MACRO __PUTBR0MN
                 	STS  @0+(@1),R0
                 	.ENDM
                 
                 	.MACRO __PUTBMRN
                 	STS  @0+(@1),R@2
                 	.ENDM
                 
                 	.MACRO __PUTWMRN
                 	STS  @0+(@1),R@2
                 	STS  @0+(@1)+1,R@3
                 	.ENDM
                 
                 	.MACRO __PUTBZR
                 	STD  Z+@1,R@0
                 	.ENDM
                 
                 	.MACRO __PUTWZR
                 	STD  Z+@2,R@0
                 	STD  Z+@2+1,R@1
                 	.ENDM
                 
                 	.MACRO __GETW1R
                 	MOV  R30,R@0
                 	MOV  R31,R@1
                 	.ENDM
                 
                 	.MACRO __GETW2R
                 	MOV  R26,R@0
                 	MOV  R27,R@1
                 	.ENDM
                 
                 	.MACRO __GETWRN
                 	LDI  R@0,LOW(@2)
                 	LDI  R@1,HIGH(@2)
                 	.ENDM
                 
                 	.MACRO __PUTW1R
                 	MOV  R@0,R30
                 	MOV  R@1,R31
                 	.ENDM
                 
                 	.MACRO __PUTW2R
                 	MOV  R@0,R26
                 	MOV  R@1,R27
                 	.ENDM
                 
                 	.MACRO __ADDWRN
                 	SUBI R@0,LOW(-@2)
                 	SBCI R@1,HIGH(-@2)
                 	.ENDM
                 
                 	.MACRO __ADDWRR
                 	ADD  R@0,R@2
                 	ADC  R@1,R@3
                 	.ENDM
                 
                 	.MACRO __SUBWRN
                 	SUBI R@0,LOW(@2)
                 	SBCI R@1,HIGH(@2)
                 	.ENDM
                 
                 	.MACRO __SUBWRR
                 	SUB  R@0,R@2
                 	SBC  R@1,R@3
                 	.ENDM
                 
                 	.MACRO __ANDWRN
                 	ANDI R@0,LOW(@2)
                 	ANDI R@1,HIGH(@2)
                 	.ENDM
                 
                 	.MACRO __ANDWRR
                 	AND  R@0,R@2
                 	AND  R@1,R@3
                 	.ENDM
                 
                 	.MACRO __ORWRN
                 	ORI  R@0,LOW(@2)
                 	ORI  R@1,HIGH(@2)
                 	.ENDM
                 
                 	.MACRO __ORWRR
                 	OR   R@0,R@2
                 	OR   R@1,R@3
                 	.ENDM
                 
                 	.MACRO __EORWRR
                 	EOR  R@0,R@2
                 	EOR  R@1,R@3
                 	.ENDM
                 
                 	.MACRO __GETWRS
                 	LDD  R@0,Y+@2
                 	LDD  R@1,Y+@2+1
                 	.ENDM
                 
                 	.MACRO __PUTBSR
                 	STD  Y+@1,R@0
                 	.ENDM
                 
                 	.MACRO __PUTWSR
                 	STD  Y+@2,R@0
                 	STD  Y+@2+1,R@1
                 	.ENDM
                 
                 	.MACRO __MOVEWRR
                 	MOV  R@0,R@2
                 	MOV  R@1,R@3
                 	.ENDM
                 
                 	.MACRO __INWR
                 	IN   R@0,@2
                 	IN   R@1,@2+1
                 	.ENDM
                 
                 	.MACRO __OUTWR
                 	OUT  @2+1,R@1
                 	OUT  @2,R@0
                 	.ENDM
                 
                 	.MACRO __CALL1MN
                 	LDS  R30,@0+(@1)
                 	LDS  R31,@0+(@1)+1
                 	ICALL
                 	.ENDM
                 
                 	.MACRO __CALL1FN
                 	LDI  R30,LOW(2*@0+(@1))
                 	LDI  R31,HIGH(2*@0+(@1))
                 	CALL __GETW1PF
                 	ICALL
                 	.ENDM
                 
                 	.MACRO __CALL2EN
                 	PUSH R26
                 	PUSH R27
                 	LDI  R26,LOW(@0+(@1))
                 	LDI  R27,HIGH(@0+(@1))
                 	CALL __EEPROMRDW
                 	POP  R27
                 	POP  R26
                 	ICALL
                 	.ENDM
                 
                 	.MACRO __CALL2EX
                 	SUBI R26,LOW(-@0)
                 	SBCI R27,HIGH(-@0)
                 	CALL __EEPROMRDD
                 	ICALL
                 	.ENDM
                 
                 	.MACRO __GETW1STACK
                 	IN   R30,SPL
                 	IN   R31,SPH
                 	ADIW R30,@0+1
                 	LD   R0,Z+
                 	LD   R31,Z
                 	MOV  R30,R0
                 	.ENDM
                 
                 	.MACRO __GETD1STACK
                 	IN   R30,SPL
                 	IN   R31,SPH
                 	ADIW R30,@0+1
                 	LD   R0,Z+
                 	LD   R1,Z+
                 	LD   R22,Z
                 	MOVW R30,R0
                 	.ENDM
                 
                 	.MACRO __NBST
                 	BST  R@0,@1
                 	IN   R30,SREG
                 	LDI  R31,0x40
                 	EOR  R30,R31
                 	OUT  SREG,R30
                 	.ENDM
                 
                 
                 	.MACRO __PUTB1SN
                 	LDD  R26,Y+@0
                 	LDD  R27,Y+@0+1
                 	SUBI R26,LOW(-@1)
                 	SBCI R27,HIGH(-@1)
                 	ST   X,R30
                 	.ENDM
                 
                 	.MACRO __PUTW1SN
                 	LDD  R26,Y+@0
                 	LDD  R27,Y+@0+1
                 	SUBI R26,LOW(-@1)
                 	SBCI R27,HIGH(-@1)
                 	ST   X+,R30
                 	ST   X,R31
                 	.ENDM
                 
                 	.MACRO __PUTD1SN
                 	LDD  R26,Y+@0
                 	LDD  R27,Y+@0+1
                 	SUBI R26,LOW(-@1)
                 	SBCI R27,HIGH(-@1)
                 	CALL __PUTDP1
                 	.ENDM
                 
                 	.MACRO __PUTB1SNS
                 	LDD  R26,Y+@0
                 	LDD  R27,Y+@0+1
                 	ADIW R26,@1
                 	ST   X,R30
                 	.ENDM
                 
                 	.MACRO __PUTW1SNS
                 	LDD  R26,Y+@0
                 	LDD  R27,Y+@0+1
                 	ADIW R26,@1
                 	ST   X+,R30
                 	ST   X,R31
                 	.ENDM
                 
                 	.MACRO __PUTD1SNS
                 	LDD  R26,Y+@0
                 	LDD  R27,Y+@0+1
                 	ADIW R26,@1
                 	CALL __PUTDP1
                 	.ENDM
                 
                 	.MACRO __PUTB1PMN
                 	LDS  R26,@0
                 	LDS  R27,@0+1
                 	SUBI R26,LOW(-@1)
                 	SBCI R27,HIGH(-@1)
                 	ST   X,R30
                 	.ENDM
                 
                 	.MACRO __PUTW1PMN
                 	LDS  R26,@0
                 	LDS  R27,@0+1
                 	SUBI R26,LOW(-@1)
                 	SBCI R27,HIGH(-@1)
                 	ST   X+,R30
                 	ST   X,R31
                 	.ENDM
                 
                 	.MACRO __PUTD1PMN
                 	LDS  R26,@0
                 	LDS  R27,@0+1
                 	SUBI R26,LOW(-@1)
                 	SBCI R27,HIGH(-@1)
                 	CALL __PUTDP1
                 	.ENDM
                 
                 	.MACRO __PUTB1PMNS
                 	LDS  R26,@0
                 	LDS  R27,@0+1
                 	ADIW R26,@1
                 	ST   X,R30
                 	.ENDM
                 
                 	.MACRO __PUTW1PMNS
                 	LDS  R26,@0
                 	LDS  R27,@0+1
                 	ADIW R26,@1
                 	ST   X+,R30
                 	ST   X,R31
                 	.ENDM
                 
                 	.MACRO __PUTD1PMNS
                 	LDS  R26,@0
                 	LDS  R27,@0+1
                 	ADIW R26,@1
                 	CALL __PUTDP1
                 	.ENDM
                 
                 	.MACRO __PUTB1RN
                 	MOVW R26,R@0
                 	SUBI R26,LOW(-@1)
                 	SBCI R27,HIGH(-@1)
                 	ST   X,R30
                 	.ENDM
                 
                 	.MACRO __PUTW1RN
                 	MOVW R26,R@0
                 	SUBI R26,LOW(-@1)
                 	SBCI R27,HIGH(-@1)
                 	ST   X+,R30
                 	ST   X,R31
                 	.ENDM
                 
                 	.MACRO __PUTD1RN
                 	MOVW R26,R@0
                 	SUBI R26,LOW(-@1)
                 	SBCI R27,HIGH(-@1)
                 	CALL __PUTDP1
                 	.ENDM
                 
                 	.MACRO __PUTB1RNS
                 	MOVW R26,R@0
                 	ADIW R26,@1
                 	ST   X,R30
                 	.ENDM
                 
                 	.MACRO __PUTW1RNS
                 	MOVW R26,R@0
                 	ADIW R26,@1
                 	ST   X+,R30
                 	ST   X,R31
                 	.ENDM
                 
                 	.MACRO __PUTD1RNS
                 	MOVW R26,R@0
                 	ADIW R26,@1
                 	CALL __PUTDP1
                 	.ENDM
                 
                 	.MACRO __PUTB1RON
                 	MOV  R26,R@0
                 	MOV  R27,R@1
                 	SUBI R26,LOW(-@2)
                 	SBCI R27,HIGH(-@2)
                 	ST   X,R30
                 	.ENDM
                 
                 	.MACRO __PUTW1RON
                 	MOV  R26,R@0
                 	MOV  R27,R@1
                 	SUBI R26,LOW(-@2)
                 	SBCI R27,HIGH(-@2)
                 	ST   X+,R30
                 	ST   X,R31
                 	.ENDM
                 
                 	.MACRO __PUTD1RON
                 	MOV  R26,R@0
                 	MOV  R27,R@1
                 	SUBI R26,LOW(-@2)
                 	SBCI R27,HIGH(-@2)
                 	CALL __PUTDP1
                 	.ENDM
                 
                 	.MACRO __PUTB1RONS
                 	MOV  R26,R@0
                 	MOV  R27,R@1
                 	ADIW R26,@2
                 	ST   X,R30
                 	.ENDM
                 
                 	.MACRO __PUTW1RONS
                 	MOV  R26,R@0
                 	MOV  R27,R@1
                 	ADIW R26,@2
                 	ST   X+,R30
                 	ST   X,R31
                 	.ENDM
                 
                 	.MACRO __PUTD1RONS
                 	MOV  R26,R@0
                 	MOV  R27,R@1
                 	ADIW R26,@2
                 	CALL __PUTDP1
                 	.ENDM
                 
                 
                 	.MACRO __GETB1SX
                 	MOVW R30,R28
                 	SUBI R30,LOW(-@0)
                 	SBCI R31,HIGH(-@0)
                 	LD   R30,Z
                 	.ENDM
                 
                 	.MACRO __GETB1HSX
                 	MOVW R30,R28
                 	SUBI R30,LOW(-@0)
                 	SBCI R31,HIGH(-@0)
                 	LD   R31,Z
                 	.ENDM
                 
                 	.MACRO __GETW1SX
                 	MOVW R30,R28
                 	SUBI R30,LOW(-@0)
                 	SBCI R31,HIGH(-@0)
                 	LD   R0,Z+
                 	LD   R31,Z
                 	MOV  R30,R0
                 	.ENDM
                 
                 	.MACRO __GETD1SX
                 	MOVW R30,R28
                 	SUBI R30,LOW(-@0)
                 	SBCI R31,HIGH(-@0)
                 	LD   R0,Z+
                 	LD   R1,Z+
                 	LD   R22,Z+
                 	LD   R23,Z
                 	MOVW R30,R0
                 	.ENDM
                 
                 	.MACRO __GETB2SX
                 	MOVW R26,R28
                 	SUBI R26,LOW(-@0)
                 	SBCI R27,HIGH(-@0)
                 	LD   R26,X
                 	.ENDM
                 
                 	.MACRO __GETW2SX
                 	MOVW R26,R28
                 	SUBI R26,LOW(-@0)
                 	SBCI R27,HIGH(-@0)
                 	LD   R0,X+
                 	LD   R27,X
                 	MOV  R26,R0
                 	.ENDM
                 
                 	.MACRO __GETD2SX
                 	MOVW R26,R28
                 	SUBI R26,LOW(-@0)
                 	SBCI R27,HIGH(-@0)
                 	LD   R0,X+
                 	LD   R1,X+
                 	LD   R24,X+
                 	LD   R25,X
                 	MOVW R26,R0
                 	.ENDM
                 
                 	.MACRO __GETBRSX
                 	MOVW R30,R28
                 	SUBI R30,LOW(-@1)
                 	SBCI R31,HIGH(-@1)
                 	LD   R@0,Z
                 	.ENDM
                 
                 	.MACRO __GETWRSX
                 	MOVW R30,R28
                 	SUBI R30,LOW(-@2)
                 	SBCI R31,HIGH(-@2)
                 	LD   R@0,Z+
                 	LD   R@1,Z
                 	.ENDM
                 
                 	.MACRO __GETBRSX2
                 	MOVW R26,R28
                 	SUBI R26,LOW(-@1)
                 	SBCI R27,HIGH(-@1)
                 	LD   R@0,X
                 	.ENDM
                 
                 	.MACRO __GETWRSX2
                 	MOVW R26,R28
                 	SUBI R26,LOW(-@2)
                 	SBCI R27,HIGH(-@2)
                 	LD   R@0,X+
                 	LD   R@1,X
                 	.ENDM
                 
                 	.MACRO __LSLW8SX
                 	MOVW R30,R28
                 	SUBI R30,LOW(-@0)
                 	SBCI R31,HIGH(-@0)
                 	LD   R31,Z
                 	CLR  R30
                 	.ENDM
                 
                 	.MACRO __PUTB1SX
                 	MOVW R26,R28
                 	SUBI R26,LOW(-@0)
                 	SBCI R27,HIGH(-@0)
                 	ST   X,R30
                 	.ENDM
                 
                 	.MACRO __PUTW1SX
                 	MOVW R26,R28
                 	SUBI R26,LOW(-@0)
                 	SBCI R27,HIGH(-@0)
                 	ST   X+,R30
                 	ST   X,R31
                 	.ENDM
                 
                 	.MACRO __PUTD1SX
                 	MOVW R26,R28
                 	SUBI R26,LOW(-@0)
                 	SBCI R27,HIGH(-@0)
                 	ST   X+,R30
                 	ST   X+,R31
                 	ST   X+,R22
                 	ST   X,R23
                 	.ENDM
                 
                 	.MACRO __CLRW1SX
                 	MOVW R26,R28
                 	SUBI R26,LOW(-@0)
                 	SBCI R27,HIGH(-@0)
                 	ST   X+,R30
                 	ST   X,R30
                 	.ENDM
                 
                 	.MACRO __CLRD1SX
                 	MOVW R26,R28
                 	SUBI R26,LOW(-@0)
                 	SBCI R27,HIGH(-@0)
                 	ST   X+,R30
                 	ST   X+,R30
                 	ST   X+,R30
                 	ST   X,R30
                 	.ENDM
                 
                 	.MACRO __PUTB2SX
                 	MOVW R30,R28
                 	SUBI R30,LOW(-@0)
                 	SBCI R31,HIGH(-@0)
                 	ST   Z,R26
                 	.ENDM
                 
                 	.MACRO __PUTW2SX
                 	MOVW R30,R28
                 	SUBI R30,LOW(-@0)
                 	SBCI R31,HIGH(-@0)
                 	ST   Z+,R26
                 	ST   Z,R27
                 	.ENDM
                 
                 	.MACRO __PUTD2SX
                 	MOVW R30,R28
                 	SUBI R30,LOW(-@0)
                 	SBCI R31,HIGH(-@0)
                 	ST   Z+,R26
                 	ST   Z+,R27
                 	ST   Z+,R24
                 	ST   Z,R25
                 	.ENDM
                 
                 	.MACRO __PUTBSRX
                 	MOVW R30,R28
                 	SUBI R30,LOW(-@1)
                 	SBCI R31,HIGH(-@1)
                 	ST   Z,R@0
                 	.ENDM
                 
                 	.MACRO __PUTWSRX
                 	MOVW R30,R28
                 	SUBI R30,LOW(-@2)
                 	SBCI R31,HIGH(-@2)
                 	ST   Z+,R@0
                 	ST   Z,R@1
                 	.ENDM
                 
                 	.MACRO __PUTB1SNX
                 	MOVW R26,R28
                 	SUBI R26,LOW(-@0)
                 	SBCI R27,HIGH(-@0)
                 	LD   R0,X+
                 	LD   R27,X
                 	MOV  R26,R0
                 	SUBI R26,LOW(-@1)
                 	SBCI R27,HIGH(-@1)
                 	ST   X,R30
                 	.ENDM
                 
                 	.MACRO __PUTW1SNX
                 	MOVW R26,R28
                 	SUBI R26,LOW(-@0)
                 	SBCI R27,HIGH(-@0)
                 	LD   R0,X+
                 	LD   R27,X
                 	MOV  R26,R0
                 	SUBI R26,LOW(-@1)
                 	SBCI R27,HIGH(-@1)
                 	ST   X+,R30
                 	ST   X,R31
                 	.ENDM
                 
                 	.MACRO __PUTD1SNX
                 	MOVW R26,R28
                 	SUBI R26,LOW(-@0)
                 	SBCI R27,HIGH(-@0)
                 	LD   R0,X+
                 	LD   R27,X
                 	MOV  R26,R0
                 	SUBI R26,LOW(-@1)
                 	SBCI R27,HIGH(-@1)
                 	ST   X+,R30
                 	ST   X+,R31
                 	ST   X+,R22
                 	ST   X,R23
                 	.ENDM
                 
                 	.MACRO __MULBRR
                 	MULS R@0,R@1
                 	MOVW R30,R0
                 	.ENDM
                 
                 	.MACRO __MULBRRU
                 	MUL  R@0,R@1
                 	MOVW R30,R0
                 	.ENDM
                 
                 	.MACRO __MULBRR0
                 	MULS R@0,R@1
                 	.ENDM
                 
                 	.MACRO __MULBRRU0
                 	MUL  R@0,R@1
                 	.ENDM
                 
                 	.MACRO __MULBNWRU
                 	LDI  R26,@2
                 	MUL  R26,R@0
                 	MOVW R30,R0
                 	MUL  R26,R@1
                 	ADD  R31,R0
                 	.ENDM
                 
                 ;NAME DEFINITIONS FOR GLOBAL VARIABLES ALLOCATED TO REGISTERS
                 	.DEF _a=R5
                 	.DEF _b=R4
                 	.DEF _c=R7
                 	.DEF _d=R6
                 
                 	.CSEG
                 	.ORG 0x00
                 
                 ;START OF CODE MARKER
                 __START_OF_CODE:
                 
                 ;INTERRUPT VECTORS
000000 940c 0030 	JMP  __RESET
000002 940c 0000 	JMP  0x00
000004 940c 0000 	JMP  0x00
000006 940c 0000 	JMP  0x00
000008 940c 0000 	JMP  0x00
00000a 940c 0000 	JMP  0x00
00000c 940c 0000 	JMP  0x00
00000e 940c 005d 	JMP  _timer1_compa_isr
000010 940c 0000 	JMP  0x00
000012 940c 0000 	JMP  0x00
000014 940c 0000 	JMP  0x00
000016 940c 0000 	JMP  0x00
000018 940c 0000 	JMP  0x00
00001a 940c 0000 	JMP  0x00
00001c 940c 0000 	JMP  0x00
00001e 940c 0000 	JMP  0x00
000020 940c 0000 	JMP  0x00
000022 940c 0000 	JMP  0x00
000024 940c 0000 	JMP  0x00
000026 940c 0000 	JMP  0x00
000028 940c 0000 	JMP  0x00
                 
                 ;GLOBAL REGISTER VARIABLES INITIALIZATION
                 __REG_VARS:
00002a 0101
00002b 0101      	.DB  0x1,0x1,0x1,0x1
                 
                 
                 __GLOBAL_INI_TBL:
00002c 0004      	.DW  0x04
00002d 0004      	.DW  0x04
00002e 0054      	.DW  __REG_VARS*2
                 
                 _0xFFFFFFFF:
00002f 0000      	.DW  0
                 
                 #define __GLOBAL_INI_TBL_PRESENT 1
                 
                 __RESET:
000030 94f8      	CLI
000031 27ee      	CLR  R30
000032 bbec      	OUT  EECR,R30
                 
                 ;INTERRUPT VECTORS ARE PLACED
                 ;AT THE START OF FLASH
000033 e0f1      	LDI  R31,1
000034 bffb      	OUT  GICR,R31
000035 bfeb      	OUT  GICR,R30
000036 bfe5      	OUT  MCUCR,R30
                 
                 ;CLEAR R2-R14
000037 e08d      	LDI  R24,(14-2)+1
000038 e0a2      	LDI  R26,2
000039 27bb      	CLR  R27
                 __CLEAR_REG:
00003a 93ed      	ST   X+,R30
00003b 958a      	DEC  R24
00003c f7e9      	BRNE __CLEAR_REG
                 
                 ;CLEAR SRAM
00003d e080      	LDI  R24,LOW(__CLEAR_SRAM_SIZE)
00003e e098      	LDI  R25,HIGH(__CLEAR_SRAM_SIZE)
00003f e6a0      	LDI  R26,__SRAM_START
                 __CLEAR_SRAM:
000040 93ed      	ST   X+,R30
000041 9701      	SBIW R24,1
000042 f7e9      	BRNE __CLEAR_SRAM
                 
                 ;GLOBAL VARIABLES INITIALIZATION
000043 e5e8      	LDI  R30,LOW(__GLOBAL_INI_TBL*2)
000044 e0f0      	LDI  R31,HIGH(__GLOBAL_INI_TBL*2)
                 __GLOBAL_INI_NEXT:
000045 9185      	LPM  R24,Z+
000046 9195      	LPM  R25,Z+
000047 9700      	SBIW R24,0
000048 f061      	BREQ __GLOBAL_INI_END
000049 91a5      	LPM  R26,Z+
00004a 91b5      	LPM  R27,Z+
00004b 9005      	LPM  R0,Z+
00004c 9015      	LPM  R1,Z+
00004d 01bf      	MOVW R22,R30
00004e 01f0      	MOVW R30,R0
                 __GLOBAL_INI_LOOP:
00004f 9005      	LPM  R0,Z+
000050 920d      	ST   X+,R0
000051 9701      	SBIW R24,1
000052 f7e1      	BRNE __GLOBAL_INI_LOOP
000053 01fb      	MOVW R30,R22
000054 cff0      	RJMP __GLOBAL_INI_NEXT
                 __GLOBAL_INI_END:
                 
                 ;HARDWARE STACK POINTER INITIALIZATION
000055 e5ef      	LDI  R30,LOW(__SRAM_END-__HEAP_SIZE)
000056 bfed      	OUT  SPL,R30
000057 e0e8      	LDI  R30,HIGH(__SRAM_END-__HEAP_SIZE)
000058 bfee      	OUT  SPH,R30
                 
                 ;DATA STACK POINTER INITIALIZATION
000059 e6c0      	LDI  R28,LOW(__SRAM_START+__DSTACK_SIZE)
00005a e0d2      	LDI  R29,HIGH(__SRAM_START+__DSTACK_SIZE)
                 
00005b 940c 0089 	JMP  _main
                 
                 	.ESEG
                 	.ORG 0
                 
                 	.DSEG
                 	.ORG 0x260
                 
                 	.CSEG
                 ;#include <mega32.h>
                 	#ifndef __SLEEP_DEFINED__
                 	#define __SLEEP_DEFINED__
                 	.EQU __se_bit=0x80
                 	.EQU __sm_mask=0x70
                 	.EQU __sm_powerdown=0x20
                 	.EQU __sm_powersave=0x30
                 	.EQU __sm_standby=0x60
                 	.EQU __sm_ext_standby=0x70
                 	.EQU __sm_adc_noise_red=0x10
                 	.SET power_ctrl_reg=mcucr
                 	#endif
                 ;#include <interrupt.h>
                 ;	flags -> R17
                 
                 	.CSEG
                 ;
                 ;#define THRESHOLD_A 60
                 ;#define THRESHOLD_B 170
                 ;#define THRESHOLD_C 290
                 ;#define THRESHOLD_D 430
                 ;
                 ;
                 ;unsigned char a=0x01,b=0x01,c=0x01,d=0x01;
                 ;unsigned long timeA=0,timeB=0,timeC=0,timeD=0;
                 ;
                 ;// Declare your global variables here
                 ;
                 ;// Global flag used to signal that 10ms have elapsed
                 ;volatile unsigned char timer1_flag = 0;
                 ;
                 ;// Timer1 Compare Match A Interrupt Service Routine
                 ;interrupt [TIM1_COMPA] void timer1_compa_isr(void)
                 ; 0000 0014 {
                 _timer1_compa_isr:
                 ; .FSTART _timer1_compa_isr
00005d 93ea      	ST   -Y,R30
                 ; 0000 0015     timer1_flag = 1;  // Set flag when compare match occurs (10ms elapsed)
00005e e0e1      	LDI  R30,LOW(1)
00005f 93e0 0270 	STS  _timer1_flag,R30
                 ; 0000 0016 }
000061 91e9      	LD   R30,Y+
000062 9518      	RETI
                 ; .FEND
                 ;
                 ;// Function to create a ~10ms delay using Timer1 and sleep (Idle mode)
                 ;void sleep_timer1_10ms(void)
                 ; 0000 001A {
                 _sleep_timer1_10ms:
                 ; .FSTART _sleep_timer1_10ms
                 ; 0000 001B     timer1_flag = 0;  // Clear the flag
000063 e0e0      	LDI  R30,LOW(0)
000064 93e0 0270 	STS  _timer1_flag,R30
                 ; 0000 001C 
                 ; 0000 001D     // --- Configure Timer1 in CTC Mode ---
                 ; 0000 001E     // WGM12: CTC mode, and CS11: prescaler of 8.
                 ; 0000 001F     // With an 8MHz clock and prescaler 8, Timer1 ticks at 1MHz (1µs per tick).
                 ; 0000 0020     // For a 10ms delay, we need 10,000 ticks (0 to 9999).
                 ; 0000 0021     TCCR1A = 0x00;                        // Normal port operation
000066 bdef      	OUT  0x2F,R30
                 ; 0000 0022     TCCR1B = (1 << WGM12) | (1 << CS11);    // CTC mode with prescaler = 8
000067 e0ea      	LDI  R30,LOW(10)
000068 bdee      	OUT  0x2E,R30
                 ; 0000 0023     TCNT1  = 0;                           // Reset Timer1 counter
000069 e0e0      	LDI  R30,LOW(0)
00006a e0f0      	LDI  R31,HIGH(0)
00006b bdfd      	OUT  0x2C+1,R31
00006c bdec      	OUT  0x2C,R30
                 ; 0000 0024     OCR1A  = 9999;                        // Set compare value to 9999 for 10ms
00006d e0ef      	LDI  R30,LOW(9999)
00006e e2f7      	LDI  R31,HIGH(9999)
00006f bdfb      	OUT  0x2A+1,R31
000070 bdea      	OUT  0x2A,R30
                 ; 0000 0025 
                 ; 0000 0026     // Enable Timer1 Compare Match A interrupt
                 ; 0000 0027     TIMSK |= (1 << OCIE1A);
000071 b7e9      	IN   R30,0x39
000072 61e0      	ORI  R30,0x10
000073 bfe9      	OUT  0x39,R30
                 ; 0000 0028 
                 ; 0000 0029     // --- Set Up Idle Sleep Mode Manually ---
                 ; 0000 002A     // For Idle mode on the ATmega32, the sleep mode bits (SM0 and SM1 in MCUCR)
                 ; 0000 002B     // should be 0. Then, set the Sleep Enable (SE) bit to allow sleeping.
                 ; 0000 002C     MCUCR &= ~((1 << SM0) | (1 << SM1));  // Select Idle mode (SM1=0, SM0=0)
000074 b7e5      	IN   R30,0x35
000075 7cef      	ANDI R30,LOW(0xCF)
000076 bfe5      	OUT  0x35,R30
                 ; 0000 002D     MCUCR |= (1 << SE);                   // Enable sleep mode
000077 b7e5      	IN   R30,0x35
000078 68e0      	ORI  R30,0x80
000079 bfe5      	OUT  0x35,R30
                 ; 0000 002E 
                 ; 0000 002F     // Wait until Timer1 Compare Match A interrupt sets the flag.
                 ; 0000 0030     while(!timer1_flag)
                 _0x4:
00007a 91e0 0270 	LDS  R30,_timer1_flag
00007c 30e0      	CPI  R30,0
00007d f411      	BRNE _0x6
                 ; 0000 0031     {
                 ; 0000 0032         // Execute the sleep instruction. In Idle mode, Timer1 keeps running.
                 ; 0000 0033         #asm("sleep");
00007e 9588      	sleep
                 ; 0000 0034     }
00007f cffa      	RJMP _0x4
                 _0x6:
                 ; 0000 0035 
                 ; 0000 0036     // After waking, disable sleep.
                 ; 0000 0037     MCUCR &= ~(1 << SE);
000080 b7e5      	IN   R30,0x35
000081 77ef      	ANDI R30,0x7F
000082 bfe5      	OUT  0x35,R30
                 ; 0000 0038 
                 ; 0000 0039     // --- Stop Timer1 ---
                 ; 0000 003A     TIMSK &= ~(1 << OCIE1A);  // Disable Timer1 Compare Match A interrupt
000083 b7e9      	IN   R30,0x39
000084 7eef      	ANDI R30,0xEF
000085 bfe9      	OUT  0x39,R30
                 ; 0000 003B     TCCR1B = 0;              // Stop Timer1 by clearing its clock source
000086 e0e0      	LDI  R30,LOW(0)
000087 bdee      	OUT  0x2E,R30
                 ; 0000 003C }
000088 9508      	RET
                 ; .FEND
                 ;
                 ;void main(void)
                 ; 0000 003F {
                 _main:
                 ; .FSTART _main
                 ; 0000 0040 // Declare your local variables here
                 ; 0000 0041 
                 ; 0000 0042 // Input/Output Ports initialization
                 ; 0000 0043 // Port A initialization
                 ; 0000 0044 // Function: Bit7=Out Bit6=Out Bit5=Out Bit4=Out Bit3=Out Bit2=Out Bit1=Out Bit0=Out
                 ; 0000 0045 DDRA=(1<<DDA7) | (1<<DDA6) | (1<<DDA5) | (1<<DDA4) | (1<<DDA3) | (1<<DDA2) | (1<<DDA1) | (1<<DDA0);
000089 efef      	LDI  R30,LOW(255)
00008a bbea      	OUT  0x1A,R30
                 ; 0000 0046 // State: Bit7=0 Bit6=0 Bit5=0 Bit4=0 Bit3=0 Bit2=0 Bit1=0 Bit0=0
                 ; 0000 0047 PORTA=(0<<PORTA7) | (0<<PORTA6) | (0<<PORTA5) | (0<<PORTA4) | (0<<PORTA3) | (0<<PORTA2) | (0<<PORTA1) | (0<<PORTA0);
00008b e0e0      	LDI  R30,LOW(0)
00008c bbeb      	OUT  0x1B,R30
                 ; 0000 0048 
                 ; 0000 0049 // Port B initialization
                 ; 0000 004A // Function: Bit7=Out Bit6=Out Bit5=Out Bit4=Out Bit3=Out Bit2=Out Bit1=Out Bit0=Out
                 ; 0000 004B DDRB=(1<<DDB7) | (1<<DDB6) | (1<<DDB5) | (1<<DDB4) | (1<<DDB3) | (1<<DDB2) | (1<<DDB1) | (1<<DDB0);
00008d efef      	LDI  R30,LOW(255)
00008e bbe7      	OUT  0x17,R30
                 ; 0000 004C // State: Bit7=0 Bit6=0 Bit5=0 Bit4=0 Bit3=0 Bit2=0 Bit1=0 Bit0=0
                 ; 0000 004D PORTB=(0<<PORTB7) | (0<<PORTB6) | (0<<PORTB5) | (0<<PORTB4) | (0<<PORTB3) | (0<<PORTB2) | (0<<PORTB1) | (0<<PORTB0);
00008f e0e0      	LDI  R30,LOW(0)
000090 bbe8      	OUT  0x18,R30
                 ; 0000 004E 
                 ; 0000 004F // Port C initialization
                 ; 0000 0050 // Function: Bit7=Out Bit6=Out Bit5=Out Bit4=Out Bit3=Out Bit2=Out Bit1=Out Bit0=Out
                 ; 0000 0051 DDRC=(1<<DDC7) | (1<<DDC6) | (1<<DDC5) | (1<<DDC4) | (1<<DDC3) | (1<<DDC2) | (1<<DDC1) | (1<<DDC0);
000091 efef      	LDI  R30,LOW(255)
000092 bbe4      	OUT  0x14,R30
                 ; 0000 0052 // State: Bit7=0 Bit6=0 Bit5=0 Bit4=0 Bit3=0 Bit2=0 Bit1=0 Bit0=0
                 ; 0000 0053 PORTC=(0<<PORTC7) | (0<<PORTC6) | (0<<PORTC5) | (0<<PORTC4) | (0<<PORTC3) | (0<<PORTC2) | (0<<PORTC1) | (0<<PORTC0);
000093 e0e0      	LDI  R30,LOW(0)
000094 bbe5      	OUT  0x15,R30
                 ; 0000 0054 
                 ; 0000 0055 // Port D initialization
                 ; 0000 0056 // Function: Bit7=Out Bit6=Out Bit5=Out Bit4=Out Bit3=Out Bit2=Out Bit1=Out Bit0=Out
                 ; 0000 0057 DDRD=(1<<DDD7) | (1<<DDD6) | (1<<DDD5) | (1<<DDD4) | (1<<DDD3) | (1<<DDD2) | (1<<DDD1) | (1<<DDD0);
000095 efef      	LDI  R30,LOW(255)
000096 bbe1      	OUT  0x11,R30
                 ; 0000 0058 // State: Bit7=0 Bit6=0 Bit5=0 Bit4=0 Bit3=0 Bit2=0 Bit1=0 Bit0=0
                 ; 0000 0059 PORTD=(0<<PORTD7) | (0<<PORTD6) | (0<<PORTD5) | (0<<PORTD4) | (0<<PORTD3) | (0<<PORTD2) | (0<<PORTD1) | (0<<PORTD0);
000097 e0e0      	LDI  R30,LOW(0)
000098 bbe2      	OUT  0x12,R30
                 ; 0000 005A 
                 ; 0000 005B // Timer/Counter 0 initialization
                 ; 0000 005C // Clock source: System Clock
                 ; 0000 005D // Clock value: Timer 0 Stopped
                 ; 0000 005E // Mode: Normal top=0xFF
                 ; 0000 005F // OC0 output: Disconnected
                 ; 0000 0060 TCCR0=(0<<WGM00) | (0<<COM01) | (0<<COM00) | (0<<WGM01) | (0<<CS02) | (0<<CS01) | (0<<CS00);
000099 bfe3      	OUT  0x33,R30
                 ; 0000 0061 TCNT0=0x00;
00009a bfe2      	OUT  0x32,R30
                 ; 0000 0062 OCR0=0x00;
00009b bfec      	OUT  0x3C,R30
                 ; 0000 0063 
                 ; 0000 0064 // Timer/Counter 1 initialization
                 ; 0000 0065 // Clock source: System Clock
                 ; 0000 0066 // Clock value: Timer1 Stopped
                 ; 0000 0067 // Mode: Normal top=0xFFFF
                 ; 0000 0068 // OC1A output: Disconnected
                 ; 0000 0069 // OC1B output: Disconnected
                 ; 0000 006A // Noise Canceler: Off
                 ; 0000 006B // Input Capture on Falling Edge
                 ; 0000 006C // Timer1 Overflow Interrupt: Off
                 ; 0000 006D // Input Capture Interrupt: Off
                 ; 0000 006E // Compare A Match Interrupt: Off
                 ; 0000 006F // Compare B Match Interrupt: Off
                 ; 0000 0070 TCCR1A=(0<<COM1A1) | (0<<COM1A0) | (0<<COM1B1) | (0<<COM1B0) | (0<<WGM11) | (0<<WGM10);
00009c bdef      	OUT  0x2F,R30
                 ; 0000 0071 TCCR1B=(0<<ICNC1) | (0<<ICES1) | (0<<WGM13) | (0<<WGM12) | (0<<CS12) | (0<<CS11) | (0<<CS10);
00009d bdee      	OUT  0x2E,R30
                 ; 0000 0072 TCNT1H=0x00;
00009e bded      	OUT  0x2D,R30
                 ; 0000 0073 TCNT1L=0x00;
00009f bdec      	OUT  0x2C,R30
                 ; 0000 0074 ICR1H=0x00;
0000a0 bde7      	OUT  0x27,R30
                 ; 0000 0075 ICR1L=0x00;
0000a1 bde6      	OUT  0x26,R30
                 ; 0000 0076 OCR1AH=0x00;
0000a2 bdeb      	OUT  0x2B,R30
                 ; 0000 0077 OCR1AL=0x00;
0000a3 bdea      	OUT  0x2A,R30
                 ; 0000 0078 OCR1BH=0x00;
0000a4 bde9      	OUT  0x29,R30
                 ; 0000 0079 OCR1BL=0x00;
0000a5 bde8      	OUT  0x28,R30
                 ; 0000 007A 
                 ; 0000 007B // Timer/Counter 2 initialization
                 ; 0000 007C // Clock source: System Clock
                 ; 0000 007D // Clock value: Timer2 Stopped
                 ; 0000 007E // Mode: Normal top=0xFF
                 ; 0000 007F // OC2 output: Disconnected
                 ; 0000 0080 ASSR=0<<AS2;
0000a6 bde2      	OUT  0x22,R30
                 ; 0000 0081 TCCR2=(0<<PWM2) | (0<<COM21) | (0<<COM20) | (0<<CTC2) | (0<<CS22) | (0<<CS21) | (0<<CS20);
0000a7 bde5      	OUT  0x25,R30
                 ; 0000 0082 TCNT2=0x00;
0000a8 bde4      	OUT  0x24,R30
                 ; 0000 0083 OCR2=0x00;
0000a9 bde3      	OUT  0x23,R30
                 ; 0000 0084 
                 ; 0000 0085 // Timer(s)/Counter(s) Interrupt(s) initialization
                 ; 0000 0086 TIMSK=(0<<OCIE2) | (0<<TOIE2) | (0<<TICIE1) | (0<<OCIE1A) | (0<<OCIE1B) | (0<<TOIE1) | (0<<OCIE0) | (0<<TOIE0);
0000aa bfe9      	OUT  0x39,R30
                 ; 0000 0087 
                 ; 0000 0088 // External Interrupt(s) initialization
                 ; 0000 0089 // INT0: Off
                 ; 0000 008A // INT1: Off
                 ; 0000 008B // INT2: Off
                 ; 0000 008C MCUCR=(0<<ISC11) | (0<<ISC10) | (0<<ISC01) | (0<<ISC00);
0000ab bfe5      	OUT  0x35,R30
                 ; 0000 008D MCUCSR=(0<<ISC2);
0000ac bfe4      	OUT  0x34,R30
                 ; 0000 008E 
                 ; 0000 008F // USART initialization
                 ; 0000 0090 // USART disabled
                 ; 0000 0091 UCSRB=(0<<RXCIE) | (0<<TXCIE) | (0<<UDRIE) | (0<<RXEN) | (0<<TXEN) | (0<<UCSZ2) | (0<<RXB8) | (0<<TXB8);
0000ad b9ea      	OUT  0xA,R30
                 ; 0000 0092 
                 ; 0000 0093 // Analog Comparator initialization
                 ; 0000 0094 // Analog Comparator: Off
                 ; 0000 0095 // The Analog Comparator's positive input is
                 ; 0000 0096 // connected to the AIN0 pin
                 ; 0000 0097 // The Analog Comparator's negative input is
                 ; 0000 0098 // connected to the AIN1 pin
                 ; 0000 0099 ACSR=(1<<ACD) | (0<<ACBG) | (0<<ACO) | (0<<ACI) | (0<<ACIE) | (0<<ACIC) | (0<<ACIS1) | (0<<ACIS0);
0000ae e8e0      	LDI  R30,LOW(128)
0000af b9e8      	OUT  0x8,R30
                 ; 0000 009A SFIOR=(0<<ACME);
0000b0 e0e0      	LDI  R30,LOW(0)
0000b1 bfe0      	OUT  0x30,R30
                 ; 0000 009B 
                 ; 0000 009C // ADC initialization
                 ; 0000 009D // ADC disabled
                 ; 0000 009E ADCSRA=(0<<ADEN) | (0<<ADSC) | (0<<ADATE) | (0<<ADIF) | (0<<ADIE) | (0<<ADPS2) | (0<<ADPS1) | (0<<ADPS0);
0000b2 b9e6      	OUT  0x6,R30
                 ; 0000 009F 
                 ; 0000 00A0 // SPI initialization
                 ; 0000 00A1 // SPI disabled
                 ; 0000 00A2 SPCR=(0<<SPIE) | (0<<SPE) | (0<<DORD) | (0<<MSTR) | (0<<CPOL) | (0<<CPHA) | (0<<SPR1) | (0<<SPR0);
0000b3 b9ed      	OUT  0xD,R30
                 ; 0000 00A3 
                 ; 0000 00A4 // TWI initialization
                 ; 0000 00A5 // TWI disabled
                 ; 0000 00A6 TWCR=(0<<TWEA) | (0<<TWSTA) | (0<<TWSTO) | (0<<TWEN) | (0<<TWIE);
0000b4 bfe6      	OUT  0x36,R30
                 ; 0000 00A7 sei();
0000b5 9478      	sei
                 ; 0000 00A8 while (1)
                 _0x7:
                 ; 0000 00A9       {
                 ; 0000 00AA       if(timeA >= THRESHOLD_A){
0000b6 91a0 0260 	LDS  R26,_timeA
0000b8 91b0 0261 	LDS  R27,_timeA+1
0000ba 9180 0262 	LDS  R24,_timeA+2
0000bc 9190 0263 	LDS  R25,_timeA+3
                +
0000be 33ac     +CPI R26 , LOW ( 0x3C )
0000bf e0e0     +LDI R30 , HIGH ( 0x3C )
0000c0 07be     +CPC R27 , R30
0000c1 e0e0     +LDI R30 , BYTE3 ( 0x3C )
0000c2 078e     +CPC R24 , R30
0000c3 e0e0     +LDI R30 , BYTE4 ( 0x3C )
0000c4 079e     +CPC R25 , R30
                 	__CPD2N 0x3C
0000c5 f080      	BRLO _0xA
                 ; 0000 00AB         PORTA = a;
0000c6 ba5b      	OUT  0x1B,R5
                 ; 0000 00AC         a = (a << 1) | (a >> 7);     // 1 left shift and and check for overflow
0000c7 2de5      	MOV  R30,R5
0000c8 0fee      	LSL  R30
0000c9 2fae      	MOV  R26,R30
0000ca 2de5      	MOV  R30,R5
0000cb d0b1      	RCALL SUBOPT_0x0
0000cc 2e5e      	MOV  R5,R30
                 ; 0000 00AD         timeA=0;
0000cd e0e0      	LDI  R30,LOW(0)
0000ce 93e0 0260 	STS  _timeA,R30
0000d0 93e0 0261 	STS  _timeA+1,R30
0000d2 93e0 0262 	STS  _timeA+2,R30
0000d4 93e0 0263 	STS  _timeA+3,R30
                 ; 0000 00AE       }
                 ; 0000 00AF 
                 ; 0000 00B0       if(timeB >= THRESHOLD_B){
                 _0xA:
0000d6 91a0 0264 	LDS  R26,_timeB
0000d8 91b0 0265 	LDS  R27,_timeB+1
0000da 9180 0266 	LDS  R24,_timeB+2
0000dc 9190 0267 	LDS  R25,_timeB+3
                +
0000de 3aaa     +CPI R26 , LOW ( 0xAA )
0000df e0e0     +LDI R30 , HIGH ( 0xAA )
0000e0 07be     +CPC R27 , R30
0000e1 e0e0     +LDI R30 , BYTE3 ( 0xAA )
0000e2 078e     +CPC R24 , R30
0000e3 e0e0     +LDI R30 , BYTE4 ( 0xAA )
0000e4 079e     +CPC R25 , R30
                 	__CPD2N 0xAA
0000e5 f080      	BRLO _0xB
                 ; 0000 00B1         PORTB = b;
0000e6 ba48      	OUT  0x18,R4
                 ; 0000 00B2         b = (b << 1) | (b >> 7);
0000e7 2de4      	MOV  R30,R4
0000e8 0fee      	LSL  R30
0000e9 2fae      	MOV  R26,R30
0000ea 2de4      	MOV  R30,R4
0000eb d091      	RCALL SUBOPT_0x0
0000ec 2e4e      	MOV  R4,R30
                 ; 0000 00B3         timeB=0;
0000ed e0e0      	LDI  R30,LOW(0)
0000ee 93e0 0264 	STS  _timeB,R30
0000f0 93e0 0265 	STS  _timeB+1,R30
0000f2 93e0 0266 	STS  _timeB+2,R30
0000f4 93e0 0267 	STS  _timeB+3,R30
                 ; 0000 00B4       }
                 ; 0000 00B5 
                 ; 0000 00B6       if(timeC >= THRESHOLD_C){
                 _0xB:
0000f6 91a0 0268 	LDS  R26,_timeC
0000f8 91b0 0269 	LDS  R27,_timeC+1
0000fa 9180 026a 	LDS  R24,_timeC+2
0000fc 9190 026b 	LDS  R25,_timeC+3
                +
0000fe 32a2     +CPI R26 , LOW ( 0x122 )
0000ff e0e1     +LDI R30 , HIGH ( 0x122 )
000100 07be     +CPC R27 , R30
000101 e0e0     +LDI R30 , BYTE3 ( 0x122 )
000102 078e     +CPC R24 , R30
000103 e0e0     +LDI R30 , BYTE4 ( 0x122 )
000104 079e     +CPC R25 , R30
                 	__CPD2N 0x122
000105 f080      	BRLO _0xC
                 ; 0000 00B7         PORTC = c;
000106 ba75      	OUT  0x15,R7
                 ; 0000 00B8         c = (c << 1) | (c >> 7);
000107 2de7      	MOV  R30,R7
000108 0fee      	LSL  R30
000109 2fae      	MOV  R26,R30
00010a 2de7      	MOV  R30,R7
00010b d071      	RCALL SUBOPT_0x0
00010c 2e7e      	MOV  R7,R30
                 ; 0000 00B9         timeC=0;
00010d e0e0      	LDI  R30,LOW(0)
00010e 93e0 0268 	STS  _timeC,R30
000110 93e0 0269 	STS  _timeC+1,R30
000112 93e0 026a 	STS  _timeC+2,R30
000114 93e0 026b 	STS  _timeC+3,R30
                 ; 0000 00BA       }
                 ; 0000 00BB 
                 ; 0000 00BC       if(timeD >= THRESHOLD_D){
                 _0xC:
000116 91a0 026c 	LDS  R26,_timeD
000118 91b0 026d 	LDS  R27,_timeD+1
00011a 9180 026e 	LDS  R24,_timeD+2
00011c 9190 026f 	LDS  R25,_timeD+3
                +
00011e 3aae     +CPI R26 , LOW ( 0x1AE )
00011f e0e1     +LDI R30 , HIGH ( 0x1AE )
000120 07be     +CPC R27 , R30
000121 e0e0     +LDI R30 , BYTE3 ( 0x1AE )
000122 078e     +CPC R24 , R30
000123 e0e0     +LDI R30 , BYTE4 ( 0x1AE )
000124 079e     +CPC R25 , R30
                 	__CPD2N 0x1AE
000125 f080      	BRLO _0xD
                 ; 0000 00BD         PORTD = d;
000126 ba62      	OUT  0x12,R6
                 ; 0000 00BE         d = (d << 1) | (d >> 7);
000127 2de6      	MOV  R30,R6
000128 0fee      	LSL  R30
000129 2fae      	MOV  R26,R30
00012a 2de6      	MOV  R30,R6
00012b d051      	RCALL SUBOPT_0x0
00012c 2e6e      	MOV  R6,R30
                 ; 0000 00BF         timeD=0;
00012d e0e0      	LDI  R30,LOW(0)
00012e 93e0 026c 	STS  _timeD,R30
000130 93e0 026d 	STS  _timeD+1,R30
000132 93e0 026e 	STS  _timeD+2,R30
000134 93e0 026f 	STS  _timeD+3,R30
                 ; 0000 00C0       }
                 ; 0000 00C1 
                 ; 0000 00C2       timeA += 10, timeB += 10, timeC += 10, timeD += 10;
                 _0xD:
000136 91e0 0260 	LDS  R30,_timeA
000138 91f0 0261 	LDS  R31,_timeA+1
00013a 9160 0262 	LDS  R22,_timeA+2
00013c 9170 0263 	LDS  R23,_timeA+3
00013e d043      	RCALL SUBOPT_0x1
00013f 93e0 0260 	STS  _timeA,R30
000141 93f0 0261 	STS  _timeA+1,R31
000143 9360 0262 	STS  _timeA+2,R22
000145 9370 0263 	STS  _timeA+3,R23
000147 91e0 0264 	LDS  R30,_timeB
000149 91f0 0265 	LDS  R31,_timeB+1
00014b 9160 0266 	LDS  R22,_timeB+2
00014d 9170 0267 	LDS  R23,_timeB+3
00014f d032      	RCALL SUBOPT_0x1
000150 93e0 0264 	STS  _timeB,R30
000152 93f0 0265 	STS  _timeB+1,R31
000154 9360 0266 	STS  _timeB+2,R22
000156 9370 0267 	STS  _timeB+3,R23
000158 91e0 0268 	LDS  R30,_timeC
00015a 91f0 0269 	LDS  R31,_timeC+1
00015c 9160 026a 	LDS  R22,_timeC+2
00015e 9170 026b 	LDS  R23,_timeC+3
000160 d021      	RCALL SUBOPT_0x1
000161 93e0 0268 	STS  _timeC,R30
000163 93f0 0269 	STS  _timeC+1,R31
000165 9360 026a 	STS  _timeC+2,R22
000167 9370 026b 	STS  _timeC+3,R23
000169 91e0 026c 	LDS  R30,_timeD
00016b 91f0 026d 	LDS  R31,_timeD+1
00016d 9160 026e 	LDS  R22,_timeD+2
00016f 9170 026f 	LDS  R23,_timeD+3
000171 d010      	RCALL SUBOPT_0x1
000172 93e0 026c 	STS  _timeD,R30
000174 93f0 026d 	STS  _timeD+1,R31
000176 9360 026e 	STS  _timeD+2,R22
000178 9370 026f 	STS  _timeD+3,R23
                 ; 0000 00C3       sleep_timer1_10ms();
00017a dee8      	RCALL _sleep_timer1_10ms
                 ; 0000 00C4 
                 ; 0000 00C5       }
00017b cf3a      	RJMP _0x7
                 ; 0000 00C6 
                 ; 0000 00C7 }
                 _0xE:
00017c cfff      	RJMP _0xE
                 ; .FEND
                 
                 	.DSEG
                 _timeA:
000260           	.BYTE 0x4
                 _timeB:
000264           	.BYTE 0x4
                 _timeC:
000268           	.BYTE 0x4
                 _timeD:
00026c           	.BYTE 0x4
                 _timer1_flag:
000270           	.BYTE 0x1
                 
                 	.CSEG
                 ;OPTIMIZER ADDED SUBROUTINE, CALLED 4 TIMES, CODE SIZE REDUCTION:3 WORDS
                 SUBOPT_0x0:
00017d 1fee      	ROL  R30
00017e e0e0      	LDI  R30,0
00017f 1fee      	ROL  R30
000180 2bea      	OR   R30,R26
000181 9508      	RET
                 
                 ;OPTIMIZER ADDED SUBROUTINE, CALLED 4 TIMES, CODE SIZE REDUCTION:3 WORDS
                 SUBOPT_0x1:
                +
000182 5fe6     +SUBI R30 , LOW ( - 10 )
000183 4fff     +SBCI R31 , HIGH ( - 10 )
000184 4f6f     +SBCI R22 , BYTE3 ( - 10 )
000185 4f7f     +SBCI R23 , BYTE4 ( - 10 )
                 	__ADDD1N 10
000186 9508      	RET
                 
                 
                 	.CSEG
                 ;END OF CODE MARKER
                 __END_OF_CODE:


RESOURCE USE INFORMATION
------------------------

Notice:
The register and instruction counts are symbol table hit counts,
and hence implicitly used resources are not counted, eg, the
'lpm' instruction without operands implicitly uses r0 and z,
none of which are counted.

x,y,z are separate entities in the symbol table and are
counted separately from r26..r31 here.

.dseg memory usage only counts static data declared with .byte

ATmega32 register use summary:
r0 :   4 r1 :   1 r2 :   0 r3 :   0 r4 :   4 r5 :   4 r6 :   4 r7 :   4 
r8 :   0 r9 :   0 r10:   0 r11:   0 r12:   0 r13:   0 r14:   0 r15:   0 
r16:   0 r17:   0 r18:   0 r19:   0 r20:   0 r21:   0 r22:  11 r23:   9 
r24:  15 r25:  10 r26:  16 r27:  10 r28:   1 r29:   1 r30: 167 r31:  16 
x  :   3 y  :   2 z  :   7 
Registers used: 19 out of 35 (54.3%)

ATmega32 instruction use summary:
.lds  :   0 .lds.l:   0 .sts  :   0 .sts.l:   0 adc   :   0 add   :   0 
adiw  :   0 and   :   0 andi  :   3 asr   :   0 bclr  :   0 bld   :   0 
brbc  :   0 brbs  :   0 brcc  :   0 brcs  :   0 break :   0 breq  :   1 
brge  :   0 brhc  :   0 brhs  :   0 brid  :   0 brie  :   0 brlo  :   4 
brlt  :   0 brmi  :   0 brne  :   4 brpl  :   0 brsh  :   0 brtc  :   0 
brts  :   0 brvc  :   0 brvs  :   0 bset  :   0 bst   :   0 call  :   0 
cbi   :   0 cbr   :   0 clc   :   0 clh   :   0 cli   :   1 cln   :   0 
clr   :   2 cls   :   0 clt   :   0 clv   :   0 clz   :   0 com   :   0 
cp    :   0 cpc   :  12 cpi   :   5 cpse  :   0 dec   :   1 des   :   0 
eor   :   0 fmul  :   0 fmuls :   0 fmulsu:   0 icall :   0 ijmp  :   0 
in    :   5 inc   :   0 jmp   :  22 ld    :   1 ldd   :   0 ldi   :  47 
lds   :  33 lpm   :   7 lsl   :   4 lsr   :   0 mov   :  16 movw  :   3 
mul   :   0 muls  :   0 mulsu :   0 neg   :   0 nop   :   0 or    :   1 
ori   :   2 out   :  56 pop   :   0 push  :   0 rcall :   9 ret   :   3 
reti  :   1 rjmp  :   4 rol   :   2 ror   :   0 sbc   :   0 sbci  :   3 
sbi   :   0 sbic  :   0 sbis  :   0 sbiw  :   3 sbr   :   0 sbrc  :   0 
sbrs  :   0 sec   :   0 seh   :   0 sei   :   1 sen   :   0 ser   :   0 
ses   :   0 set   :   0 sev   :   0 sez   :   0 sleep :   1 spm   :   0 
st    :   4 std   :   0 sts   :  34 sub   :   0 subi  :   1 swap  :   0 
tst   :   0 wdr   :   0 
Instructions used: 33 out of 116 (28.4%)

ATmega32 memory use summary [bytes]:
Segment   Begin    End      Code   Data   Used    Size   Use%
---------------------------------------------------------------
[.cseg] 0x000000 0x00030e    770     12    782   32768   2.4%
[.dseg] 0x000060 0x000271      0     17     17    2048   0.8%
[.eseg] 0x000000 0x000000      0      0      0    1024   0.0%

Assembly complete, 0 errors, 4 warnings
